// Jest Snapshot v1, https://goo.gl/fbAQLP

exports[`test LeaveFeedbackLambdaDynamoDBTable construct 1`] = `
Object {
  "Parameters": Object {
    "AssetParameters26bacb05fcf1d4fa4e55c802d9d7c8c72076f98dd55a3673d17a3fa3c5f0535eArtifactHash4C3B9294": Object {
      "Description": "Artifact hash for asset \\"26bacb05fcf1d4fa4e55c802d9d7c8c72076f98dd55a3673d17a3fa3c5f0535e\\"",
      "Type": "String",
    },
    "AssetParameters26bacb05fcf1d4fa4e55c802d9d7c8c72076f98dd55a3673d17a3fa3c5f0535eS3Bucket298B1BBB": Object {
      "Description": "S3 bucket for asset \\"26bacb05fcf1d4fa4e55c802d9d7c8c72076f98dd55a3673d17a3fa3c5f0535e\\"",
      "Type": "String",
    },
    "AssetParameters26bacb05fcf1d4fa4e55c802d9d7c8c72076f98dd55a3673d17a3fa3c5f0535eS3VersionKey4DCC77E1": Object {
      "Description": "S3 key for asset version \\"26bacb05fcf1d4fa4e55c802d9d7c8c72076f98dd55a3673d17a3fa3c5f0535e\\"",
      "Type": "String",
    },
  },
  "Resources": Object {
    "LeaveFeedBackLambdaDynamoDBLambdaFunction629A3DB6": Object {
      "DependsOn": Array [
        "LeaveFeedBackLambdaDynamoDBLambdaFunctionServiceRoleDefaultPolicy634B4EDF",
        "LeaveFeedBackLambdaDynamoDBLambdaFunctionServiceRole443DBDE2",
      ],
      "Metadata": Object {
        "cfn_nag": Object {
          "rules_to_suppress": Array [
            Object {
              "id": "W58",
              "reason": "Lambda functions has the required permission to write CloudWatch Logs. It uses custom policy instead of arn:aws:iam::aws:policy/service-role/AWSLambdaBasicExecutionRole with more tighter permissions.",
            },
          ],
        },
      },
      "Properties": Object {
        "Code": Object {
          "S3Bucket": Object {
            "Ref": "AssetParameters26bacb05fcf1d4fa4e55c802d9d7c8c72076f98dd55a3673d17a3fa3c5f0535eS3Bucket298B1BBB",
          },
          "S3Key": Object {
            "Fn::Join": Array [
              "",
              Array [
                Object {
                  "Fn::Select": Array [
                    0,
                    Object {
                      "Fn::Split": Array [
                        "||",
                        Object {
                          "Ref": "AssetParameters26bacb05fcf1d4fa4e55c802d9d7c8c72076f98dd55a3673d17a3fa3c5f0535eS3VersionKey4DCC77E1",
                        },
                      ],
                    },
                  ],
                },
                Object {
                  "Fn::Select": Array [
                    1,
                    Object {
                      "Fn::Split": Array [
                        "||",
                        Object {
                          "Ref": "AssetParameters26bacb05fcf1d4fa4e55c802d9d7c8c72076f98dd55a3673d17a3fa3c5f0535eS3VersionKey4DCC77E1",
                        },
                      ],
                    },
                  ],
                },
              ],
            ],
          },
        },
        "Description": "Serverless-bot-framework LeaveFeedback Sample lambda",
        "Environment": Object {
          "Variables": Object {
            "DDB_TABLE_NAME": Object {
              "Ref": "LeaveFeedBackLambdaDynamoDBLeaveFeedbackLambdaDBTableDynamoTable294E412A",
            },
          },
        },
        "FunctionName": Object {
          "Fn::Join": Array [
            "",
            Array [
              Object {
                "Ref": "AWS::StackName",
              },
              "-LeaveFeedbackLambda",
            ],
          ],
        },
        "Handler": "index.handler",
        "Role": Object {
          "Fn::GetAtt": Array [
            "LeaveFeedBackLambdaDynamoDBLambdaFunctionServiceRole443DBDE2",
            "Arn",
          ],
        },
        "Runtime": "python3.8",
        "Timeout": 300,
        "TracingConfig": Object {
          "Mode": "Active",
        },
      },
      "Type": "AWS::Lambda::Function",
    },
    "LeaveFeedBackLambdaDynamoDBLambdaFunctionServiceRole443DBDE2": Object {
      "Properties": Object {
        "AssumeRolePolicyDocument": Object {
          "Statement": Array [
            Object {
              "Action": "sts:AssumeRole",
              "Effect": "Allow",
              "Principal": Object {
                "Service": "lambda.amazonaws.com",
              },
            },
          ],
          "Version": "2012-10-17",
        },
        "Policies": Array [
          Object {
            "PolicyDocument": Object {
              "Statement": Array [
                Object {
                  "Action": Array [
                    "logs:CreateLogGroup",
                    "logs:CreateLogStream",
                    "logs:PutLogEvents",
                  ],
                  "Effect": "Allow",
                  "Resource": Object {
                    "Fn::Join": Array [
                      "",
                      Array [
                        "arn:",
                        Object {
                          "Ref": "AWS::Partition",
                        },
                        ":logs:",
                        Object {
                          "Ref": "AWS::Region",
                        },
                        ":",
                        Object {
                          "Ref": "AWS::AccountId",
                        },
                        ":log-group:/aws/lambda/*",
                      ],
                    ],
                  },
                },
              ],
              "Version": "2012-10-17",
            },
            "PolicyName": "LambdaFunctionServiceRolePolicy",
          },
        ],
      },
      "Type": "AWS::IAM::Role",
    },
    "LeaveFeedBackLambdaDynamoDBLambdaFunctionServiceRoleDefaultPolicy634B4EDF": Object {
      "Metadata": Object {
        "cfn_nag": Object {
          "rules_to_suppress": Array [
            Object {
              "id": "W12",
              "reason": "Lambda needs the following minimum required permissions to send trace data to X-Ray and access ENIs in a VPC.",
            },
          ],
        },
      },
      "Properties": Object {
        "PolicyDocument": Object {
          "Statement": Array [
            Object {
              "Action": Array [
                "xray:PutTraceSegments",
                "xray:PutTelemetryRecords",
              ],
              "Effect": "Allow",
              "Resource": "*",
            },
            Object {
              "Action": Array [
                "dynamodb:BatchGetItem",
                "dynamodb:GetRecords",
                "dynamodb:GetShardIterator",
                "dynamodb:Query",
                "dynamodb:GetItem",
                "dynamodb:Scan",
                "dynamodb:BatchWriteItem",
                "dynamodb:PutItem",
                "dynamodb:UpdateItem",
                "dynamodb:DeleteItem",
              ],
              "Effect": "Allow",
              "Resource": Array [
                Object {
                  "Fn::GetAtt": Array [
                    "LeaveFeedBackLambdaDynamoDBLeaveFeedbackLambdaDBTableDynamoTable294E412A",
                    "Arn",
                  ],
                },
                Object {
                  "Ref": "AWS::NoValue",
                },
              ],
            },
          ],
          "Version": "2012-10-17",
        },
        "PolicyName": "LeaveFeedBackLambdaDynamoDBLambdaFunctionServiceRoleDefaultPolicy634B4EDF",
        "Roles": Array [
          Object {
            "Ref": "LeaveFeedBackLambdaDynamoDBLambdaFunctionServiceRole443DBDE2",
          },
        ],
      },
      "Type": "AWS::IAM::Policy",
    },
    "LeaveFeedBackLambdaDynamoDBLeaveFeedbackLambdaDBTableDynamoTable294E412A": Object {
      "DeletionPolicy": "Delete",
      "Properties": Object {
        "AttributeDefinitions": Array [
          Object {
            "AttributeName": "uuid",
            "AttributeType": "S",
          },
        ],
        "BillingMode": "PAY_PER_REQUEST",
        "KeySchema": Array [
          Object {
            "AttributeName": "uuid",
            "KeyType": "HASH",
          },
        ],
        "PointInTimeRecoverySpecification": Object {
          "PointInTimeRecoveryEnabled": true,
        },
        "SSESpecification": Object {
          "SSEEnabled": true,
        },
      },
      "Type": "AWS::DynamoDB::Table",
      "UpdateReplacePolicy": "Delete",
    },
  },
}
`;
