// Jest Snapshot v1, https://goo.gl/fbAQLP

exports[`test LambdaToPolly construct 1`] = `
Object {
  "Parameters": Object {
    "AssetParametersa99d3e56a719485a327c4a36c543e2eb28a5a6103fc37eae680d93e9f138bfbfArtifactHash37E12FF1": Object {
      "Description": "Artifact hash for asset \\"a99d3e56a719485a327c4a36c543e2eb28a5a6103fc37eae680d93e9f138bfbf\\"",
      "Type": "String",
    },
    "AssetParametersa99d3e56a719485a327c4a36c543e2eb28a5a6103fc37eae680d93e9f138bfbfS3Bucket54AF3848": Object {
      "Description": "S3 bucket for asset \\"a99d3e56a719485a327c4a36c543e2eb28a5a6103fc37eae680d93e9f138bfbf\\"",
      "Type": "String",
    },
    "AssetParametersa99d3e56a719485a327c4a36c543e2eb28a5a6103fc37eae680d93e9f138bfbfS3VersionKeyE4BE7658": Object {
      "Description": "S3 key for asset version \\"a99d3e56a719485a327c4a36c543e2eb28a5a6103fc37eae680d93e9f138bfbf\\"",
      "Type": "String",
    },
  },
  "Resources": Object {
    "PollyLambdaToPollyLambdaFunction167F2825": Object {
      "DependsOn": Array [
        "PollyLambdaToPollyLambdaFunctionServiceRoleDefaultPolicy1C382631",
        "PollyLambdaToPollyLambdaFunctionServiceRole74A4E40B",
      ],
      "Metadata": Object {
        "cfn_nag": Object {
          "rules_to_suppress": Array [
            Object {
              "id": "W58",
              "reason": "Lambda functions has the required permission to write CloudWatch Logs. It uses custom policy instead of arn:aws:iam::aws:policy/service-role/AWSLambdaBasicExecutionRole with more tighter permissions.",
            },
          ],
        },
      },
      "Properties": Object {
        "Code": Object {
          "S3Bucket": Object {
            "Ref": "AssetParametersa99d3e56a719485a327c4a36c543e2eb28a5a6103fc37eae680d93e9f138bfbfS3Bucket54AF3848",
          },
          "S3Key": Object {
            "Fn::Join": Array [
              "",
              Array [
                Object {
                  "Fn::Select": Array [
                    0,
                    Object {
                      "Fn::Split": Array [
                        "||",
                        Object {
                          "Ref": "AssetParametersa99d3e56a719485a327c4a36c543e2eb28a5a6103fc37eae680d93e9f138bfbfS3VersionKeyE4BE7658",
                        },
                      ],
                    },
                  ],
                },
                Object {
                  "Fn::Select": Array [
                    1,
                    Object {
                      "Fn::Split": Array [
                        "||",
                        Object {
                          "Ref": "AssetParametersa99d3e56a719485a327c4a36c543e2eb28a5a6103fc37eae680d93e9f138bfbfS3VersionKeyE4BE7658",
                        },
                      ],
                    },
                  ],
                },
              ],
            ],
          },
        },
        "Description": "Serverless-bot-framework Polly lambda",
        "Environment": Object {
          "Variables": Object {
            "AWS_NODEJS_CONNECTION_REUSE_ENABLED": "1",
          },
        },
        "FunctionName": Object {
          "Fn::Join": Array [
            "",
            Array [
              Object {
                "Ref": "AWS::StackName",
              },
              "-PollyLambda",
            ],
          ],
        },
        "Handler": "index.handler",
        "MemorySize": 128,
        "Role": Object {
          "Fn::GetAtt": Array [
            "PollyLambdaToPollyLambdaFunctionServiceRole74A4E40B",
            "Arn",
          ],
        },
        "Runtime": "nodejs12.x",
        "Timeout": 300,
        "TracingConfig": Object {
          "Mode": "Active",
        },
      },
      "Type": "AWS::Lambda::Function",
    },
    "PollyLambdaToPollyLambdaFunctionServiceRole74A4E40B": Object {
      "Properties": Object {
        "AssumeRolePolicyDocument": Object {
          "Statement": Array [
            Object {
              "Action": "sts:AssumeRole",
              "Effect": "Allow",
              "Principal": Object {
                "Service": "lambda.amazonaws.com",
              },
            },
          ],
          "Version": "2012-10-17",
        },
        "Policies": Array [
          Object {
            "PolicyDocument": Object {
              "Statement": Array [
                Object {
                  "Action": Array [
                    "logs:CreateLogGroup",
                    "logs:CreateLogStream",
                    "logs:PutLogEvents",
                  ],
                  "Effect": "Allow",
                  "Resource": Object {
                    "Fn::Join": Array [
                      "",
                      Array [
                        "arn:",
                        Object {
                          "Ref": "AWS::Partition",
                        },
                        ":logs:",
                        Object {
                          "Ref": "AWS::Region",
                        },
                        ":",
                        Object {
                          "Ref": "AWS::AccountId",
                        },
                        ":log-group:/aws/lambda/*",
                      ],
                    ],
                  },
                },
              ],
              "Version": "2012-10-17",
            },
            "PolicyName": "LambdaFunctionServiceRolePolicy",
          },
        ],
      },
      "Type": "AWS::IAM::Role",
    },
    "PollyLambdaToPollyLambdaFunctionServiceRoleDefaultPolicy1C382631": Object {
      "Metadata": Object {
        "cfn_nag": Object {
          "rules_to_suppress": Array [
            Object {
              "id": "W12",
              "reason": "Lambda needs the following minimum required permissions to send trace data to X-Ray.",
            },
          ],
        },
      },
      "Properties": Object {
        "PolicyDocument": Object {
          "Statement": Array [
            Object {
              "Action": Array [
                "xray:PutTraceSegments",
                "xray:PutTelemetryRecords",
              ],
              "Effect": "Allow",
              "Resource": "*",
            },
          ],
          "Version": "2012-10-17",
        },
        "PolicyName": "PollyLambdaToPollyLambdaFunctionServiceRoleDefaultPolicy1C382631",
        "Roles": Array [
          Object {
            "Ref": "PollyLambdaToPollyLambdaFunctionServiceRole74A4E40B",
          },
        ],
      },
      "Type": "AWS::IAM::Policy",
    },
    "PollyLambdaToPollyPollyPolicy68D8DD5C": Object {
      "Metadata": Object {
        "cfn_nag": Object {
          "rules_to_suppress": Array [
            Object {
              "id": "W11",
              "reason": "Polly allows specifying lexicon ARNs only. There is no specific lexicon required for this policy",
            },
          ],
        },
      },
      "Properties": Object {
        "PolicyDocument": Object {
          "Statement": Array [
            Object {
              "Action": "polly:SynthesizeSpeech",
              "Effect": "Allow",
              "Resource": "*",
            },
          ],
          "Version": "2012-10-17",
        },
        "PolicyName": "PollyLambdaToPollyPollyPolicy68D8DD5C",
        "Roles": Array [
          Object {
            "Ref": "PollyLambdaToPollyLambdaFunctionServiceRole74A4E40B",
          },
        ],
      },
      "Type": "AWS::IAM::Policy",
    },
  },
}
`;
